// Jest Snapshot v1, https://goo.gl/fbAQLP

exports[`Storyshots ProgressCircle naked story 1`] = `
.c0 {
  padding: 9px;
}

<div
  className="c0"
>
  <div
    className="loader"
  />
</div>
`;
